Archive member included to satisfy reference by file (symbol)

C:/ST/STM32CubeIDE_1.18.1/STM32CubeIDE/plugins/com.st.stm32cube.ide.mcu.externaltools.gnu-tools-for-stm32.13.3.rel1.win32_1.0.0.202411081344/tools/bin/../lib/gcc/arm-none-eabi/13.3.1/../../../../arm-none-eabi/lib/thumb/v6-m/nofp\libc_nano.a(libc_a-exit.o)
                              C:/ST/STM32CubeIDE_1.18.1/STM32CubeIDE/plugins/com.st.stm32cube.ide.mcu.externaltools.gnu-tools-for-stm32.13.3.rel1.win32_1.0.0.202411081344/tools/bin/../lib/gcc/arm-none-eabi/13.3.1/../../../../arm-none-eabi/lib/thumb/v6-m/nofp/crt0.o (exit)
C:/ST/STM32CubeIDE_1.18.1/STM32CubeIDE/plugins/com.st.stm32cube.ide.mcu.externaltools.gnu-tools-for-stm32.13.3.rel1.win32_1.0.0.202411081344/tools/bin/../lib/gcc/arm-none-eabi/13.3.1/../../../../arm-none-eabi/lib/thumb/v6-m/nofp\libc_nano.a(libc_a-findfp.o)
                              C:/ST/STM32CubeIDE_1.18.1/STM32CubeIDE/plugins/com.st.stm32cube.ide.mcu.externaltools.gnu-tools-for-stm32.13.3.rel1.win32_1.0.0.202411081344/tools/bin/../lib/gcc/arm-none-eabi/13.3.1/../../../../arm-none-eabi/lib/thumb/v6-m/nofp\libc_nano.a(libc_a-exit.o) (__stdio_exit_handler)
C:/ST/STM32CubeIDE_1.18.1/STM32CubeIDE/plugins/com.st.stm32cube.ide.mcu.externaltools.gnu-tools-for-stm32.13.3.rel1.win32_1.0.0.202411081344/tools/bin/../lib/gcc/arm-none-eabi/13.3.1/../../../../arm-none-eabi/lib/thumb/v6-m/nofp\libc_nano.a(libc_a-fwalk.o)
                              C:/ST/STM32CubeIDE_1.18.1/STM32CubeIDE/plugins/com.st.stm32cube.ide.mcu.externaltools.gnu-tools-for-stm32.13.3.rel1.win32_1.0.0.202411081344/tools/bin/../lib/gcc/arm-none-eabi/13.3.1/../../../../arm-none-eabi/lib/thumb/v6-m/nofp\libc_nano.a(libc_a-findfp.o) (_fwalk_sglue)
C:/ST/STM32CubeIDE_1.18.1/STM32CubeIDE/plugins/com.st.stm32cube.ide.mcu.externaltools.gnu-tools-for-stm32.13.3.rel1.win32_1.0.0.202411081344/tools/bin/../lib/gcc/arm-none-eabi/13.3.1/../../../../arm-none-eabi/lib/thumb/v6-m/nofp\libc_nano.a(libc_a-stdio.o)
                              C:/ST/STM32CubeIDE_1.18.1/STM32CubeIDE/plugins/com.st.stm32cube.ide.mcu.externaltools.gnu-tools-for-stm32.13.3.rel1.win32_1.0.0.202411081344/tools/bin/../lib/gcc/arm-none-eabi/13.3.1/../../../../arm-none-eabi/lib/thumb/v6-m/nofp\libc_nano.a(libc_a-findfp.o) (__sread)
C:/ST/STM32CubeIDE_1.18.1/STM32CubeIDE/plugins/com.st.stm32cube.ide.mcu.externaltools.gnu-tools-for-stm32.13.3.rel1.win32_1.0.0.202411081344/tools/bin/../lib/gcc/arm-none-eabi/13.3.1/../../../../arm-none-eabi/lib/thumb/v6-m/nofp\libc_nano.a(libc_a-memset.o)
                              C:/ST/STM32CubeIDE_1.18.1/STM32CubeIDE/plugins/com.st.stm32cube.ide.mcu.externaltools.gnu-tools-for-stm32.13.3.rel1.win32_1.0.0.202411081344/tools/bin/../lib/gcc/arm-none-eabi/13.3.1/../../../../arm-none-eabi/lib/thumb/v6-m/nofp/crt0.o (memset)
C:/ST/STM32CubeIDE_1.18.1/STM32CubeIDE/plugins/com.st.stm32cube.ide.mcu.externaltools.gnu-tools-for-stm32.13.3.rel1.win32_1.0.0.202411081344/tools/bin/../lib/gcc/arm-none-eabi/13.3.1/../../../../arm-none-eabi/lib/thumb/v6-m/nofp\libc_nano.a(libc_a-closer.o)
                              C:/ST/STM32CubeIDE_1.18.1/STM32CubeIDE/plugins/com.st.stm32cube.ide.mcu.externaltools.gnu-tools-for-stm32.13.3.rel1.win32_1.0.0.202411081344/tools/bin/../lib/gcc/arm-none-eabi/13.3.1/../../../../arm-none-eabi/lib/thumb/v6-m/nofp\libc_nano.a(libc_a-stdio.o) (_close_r)
C:/ST/STM32CubeIDE_1.18.1/STM32CubeIDE/plugins/com.st.stm32cube.ide.mcu.externaltools.gnu-tools-for-stm32.13.3.rel1.win32_1.0.0.202411081344/tools/bin/../lib/gcc/arm-none-eabi/13.3.1/../../../../arm-none-eabi/lib/thumb/v6-m/nofp\libc_nano.a(libc_a-reent.o)
                              C:/ST/STM32CubeIDE_1.18.1/STM32CubeIDE/plugins/com.st.stm32cube.ide.mcu.externaltools.gnu-tools-for-stm32.13.3.rel1.win32_1.0.0.202411081344/tools/bin/../lib/gcc/arm-none-eabi/13.3.1/../../../../arm-none-eabi/lib/thumb/v6-m/nofp\libc_nano.a(libc_a-closer.o) (errno)
C:/ST/STM32CubeIDE_1.18.1/STM32CubeIDE/plugins/com.st.stm32cube.ide.mcu.externaltools.gnu-tools-for-stm32.13.3.rel1.win32_1.0.0.202411081344/tools/bin/../lib/gcc/arm-none-eabi/13.3.1/../../../../arm-none-eabi/lib/thumb/v6-m/nofp\libc_nano.a(libc_a-impure.o)
                              C:/ST/STM32CubeIDE_1.18.1/STM32CubeIDE/plugins/com.st.stm32cube.ide.mcu.externaltools.gnu-tools-for-stm32.13.3.rel1.win32_1.0.0.202411081344/tools/bin/../lib/gcc/arm-none-eabi/13.3.1/../../../../arm-none-eabi/lib/thumb/v6-m/nofp\libc_nano.a(libc_a-reent.o) (_impure_ptr)
C:/ST/STM32CubeIDE_1.18.1/STM32CubeIDE/plugins/com.st.stm32cube.ide.mcu.externaltools.gnu-tools-for-stm32.13.3.rel1.win32_1.0.0.202411081344/tools/bin/../lib/gcc/arm-none-eabi/13.3.1/../../../../arm-none-eabi/lib/thumb/v6-m/nofp\libc_nano.a(libc_a-lseekr.o)
[...]
Memory Configuration

Name             Origin             Length             Attributes
RAM              0x20000000         0x00002000         xrw
FLASH            0x08000000         0x00010000         xr
*default*        0x00000000         0xffffffff

Linker script and memory map

LOAD C:/ST/STM32CubeIDE_1.18.1/STM32CubeIDE/plugins/com.st.stm32cube.ide.mcu.externaltools.gnu-tools-for-stm32.13.3.rel1.win32_1.0.0.202411081344/tools/bin/../lib/gcc/arm-none-eabi/13.3.1/thumb/v6-m/nofp/crti.o
LOAD C:/ST/STM32CubeIDE_1.18.1/STM32CubeIDE/plugins/com.st.stm32cube.ide.mcu.externaltools.gnu-tools-for-stm32.13.3.rel1.win32_1.0.0.202411081344/tools/bin/../lib/gcc/arm-none-eabi/13.3.1/thumb/v6-m/nofp/crtbegin.o
LOAD C:/ST/STM32CubeIDE_1.18.1/STM32CubeIDE/plugins/com.st.stm32cube.ide.mcu.externaltools.gnu-tools-for-stm32.13.3.rel1.win32_1.0.0.202411081344/tools/bin/../lib/gcc/arm-none-eabi/13.3.1/../../../../arm-none-eabi/lib/thumb/v6-m/nofp/crt0.o
LOAD ./Core/Src/dma.o
LOAD ./Core/Src/gpio.o
LOAD ./Core/Src/main.o
LOAD ./Core/Src/stm32g0xx_hal_msp.o
LOAD ./Core/Src/stm32g0xx_it.o
LOAD ./Core/Src/syscalls.o
LOAD ./Core/Src/sysmem.o
LOAD ./Core/Src/system_stm32g0xx.o
LOAD ./Core/Src/tim.o
LOAD ./Core/Startup/startup_stm32g031g8ux.o
LOAD ./Drivers/STM32G0xx_HAL_Driver/Src/stm32g0xx_hal.o
LOAD ./Drivers/STM32G0xx_HAL_Driver/Src/stm32g0xx_hal_cortex.o
LOAD ./Drivers/STM32G0xx_HAL_Driver/Src/stm32g0xx_hal_dma.o
LOAD ./Drivers/STM32G0xx_HAL_Driver/Src/stm32g0xx_hal_dma_ex.o
LOAD ./Drivers/STM32G0xx_HAL_Driver/Src/stm32g0xx_hal_exti.o
LOAD ./Drivers/STM32G0xx_HAL_Driver/Src/stm32g0xx_hal_flash.o
LOAD ./Drivers/STM32G0xx_HAL_Driver/Src/stm32g0xx_hal_flash_ex.o
LOAD ./Drivers/STM32G0xx_HAL_Driver/Src/stm32g0xx_hal_gpio.o
LOAD ./Drivers/STM32G0xx_HAL_Driver/Src/stm32g0xx_hal_pwr.o
LOAD ./Drivers/STM32G0xx_HAL_Driver/Src/stm32g0xx_hal_pwr_ex.o
LOAD ./Drivers/STM32G0xx_HAL_Driver/Src/stm32g0xx_hal_rcc.o
LOAD ./Drivers/STM32G0xx_HAL_Driver/Src/stm32g0xx_hal_rcc_ex.o
LOAD ./Drivers/STM32G0xx_HAL_Driver/Src/stm32g0xx_hal_tim.o
LOAD ./Drivers/STM32G0xx_HAL_Driver/Src/stm32g0xx_hal_tim_ex.o
LOAD ./Drivers/STM32G0xx_HAL_Driver/Src/stm32g0xx_ll_rcc.o
START GROUP
LOAD C:/ST/STM32CubeIDE_1.18.1/STM32CubeIDE/plugins/com.st.stm32cube.ide.mcu.externaltools.gnu-tools-for-stm32.13.3.rel1.win32_1.0.0.202411081344/tools/bin/../lib/gcc/arm-none-eabi/13.3.1/../../../../arm-none-eabi/lib/thumb/v6-m/nofp\libc_nano.a
LOAD C:/ST/STM32CubeIDE_1.18.1/STM32CubeIDE/plugins/com.st.stm32cube.ide.mcu.externaltools.gnu-tools-for-stm32.13.3.rel1.win32_1.0.0.202411081344/tools/bin/../lib/gcc/arm-none-eabi/13.3.1/../../../../arm-none-eabi/lib/thumb/v6-m/nofp\libm.a
END GROUP
START GROUP
LOAD C:/ST/STM32CubeIDE_1.18.1/STM32CubeIDE/plugins/com.st.stm32cube.ide.mcu.externaltools.gnu-tools-for-stm32.13.3.rel1.win32_1.0.0.202411081344/tools/bin/../lib/gcc/arm-none-eabi/13.3.1/thumb/v6-m/nofp\libgcc.a
LOAD C:/ST/STM32CubeIDE_1.18.1/STM32CubeIDE/plugins/com.st.stm32cube.ide.mcu.externaltools.gnu-tools-for-stm32.13.3.rel1.win32_1.0.0.202411081344/tools/bin/../lib/gcc/arm-none-eabi/13.3.1/../../../../arm-none-eabi/lib/thumb/v6-m/nofp\libc_nano.a
END GROUP
START GROUP
LOAD C:/ST/STM32CubeIDE_1.18.1/STM32CubeIDE/plugins/com.st.stm32cube.ide.mcu.externaltools.gnu-tools-for-stm32.13.3.rel1.win32_1.0.0.202411081344/tools/bin/../lib/gcc/arm-none-eabi/13.3.1/thumb/v6-m/nofp\libgcc.a
LOAD C:/ST/STM32CubeIDE_1.18.1/STM32CubeIDE/plugins/com.st.stm32cube.ide.mcu.externaltools.gnu-tools-for-stm32.13.3.rel1.win32_1.0.0.202411081344/tools/bin/../lib/gcc/arm-none-eabi/13.3.1/../../../../arm-none-eabi/lib/thumb/v6-m/nofp\libc_nano.a
LOAD C:/ST/STM32CubeIDE_1.18.1/STM32CubeIDE/plugins/com.st.stm32cube.ide.mcu.externaltools.gnu-tools-for-stm32.13.3.rel1.win32_1.0.0.202411081344/tools/bin/../lib/gcc/arm-none-eabi/13.3.1/../../../../arm-none-eabi/lib/thumb/v6-m/nofp\libnosys.a
END GROUP
START GROUP
LOAD C:/ST/STM32CubeIDE_1.18.1/STM32CubeIDE/plugins/com.st.stm32cube.ide.mcu.externaltools.gnu-tools-for-stm32.13.3.rel1.win32_1.0.0.202411081344/tools/bin/../lib/gcc/arm-none-eabi/13.3.1/thumb/v6-m/nofp\libgcc.a
LOAD C:/ST/STM32CubeIDE_1.18.1/STM32CubeIDE/plugins/com.st.stm32cube.ide.mcu.externaltools.gnu-tools-for-stm32.13.3.rel1.win32_1.0.0.202411081344/tools/bin/../lib/gcc/arm-none-eabi/13.3.1/../../../../arm-none-eabi/lib/thumb/v6-m/nofp\libc_nano.a
LOAD C:/ST/STM32CubeIDE_1.18.1/STM32CubeIDE/plugins/com.st.stm32cube.ide.mcu.externaltools.gnu-tools-for-stm32.13.3.rel1.win32_1.0.0.202411081344/tools/bin/../lib/gcc/arm-none-eabi/13.3.1/../../../../arm-none-eabi/lib/thumb/v6-m/nofp\libnosys.a
END GROUP
LOAD C:/ST/STM32CubeIDE_1.18.1/STM32CubeIDE/plugins/com.st.stm32cube.ide.mcu.externaltools.gnu-tools-for-stm32.13.3.rel1.win32_1.0.0.202411081344/tools/bin/../lib/gcc/arm-none-eabi/13.3.1/thumb/v6-m/nofp/crtend.o
LOAD C:/ST/STM32CubeIDE_1.18.1/STM32CubeIDE/plugins/com.st.stm32cube.ide.mcu.externaltools.gnu-tools-for-stm32.13.3.rel1.win32_1.0.0.202411081344/tools/bin/../lib/gcc/arm-none-eabi/13.3.1/thumb/v6-m/nofp/crtn.o
                0x20002000                        _estack = (ORIGIN (RAM) + LENGTH (RAM))
                0x00000200                        _Min_Heap_Size = 0x200
                0x00000400                        _Min_Stack_Size = 0x400

.isr_vector     0x08000000       0xbc
                0x08000000                        . = ALIGN (0x4)
 *(.isr_vector)
 .isr_vector    0x08000000       0xbc ./Core/Startup/startup_stm32g031g8ux.o
                0x08000000                g_pfnVectors
                0x080000bc                        . = ALIGN (0x4)

.text           0x080000bc     0x47f4
                0x080000bc                        . = ALIGN (0x4)
 *(.text)
 .text          0x080000bc       0x48 C:/ST/STM32CubeIDE_1.18.1/STM32CubeIDE/plugins/com.st.stm32cube.ide.mcu.externaltools.gnu-tools-for-stm32.13.3.rel1.win32_1.0.0.202411081344/tools/bin/../lib/gcc/arm-none-eabi/13.3.1/thumb/v6-m/nofp/crtbegin.o
 .text          0x08000104      0x114 C:/ST/STM32CubeIDE_1.18.1/STM32CubeIDE/plugins/com.st.stm32cube.ide.mcu.externaltools.gnu-tools-for-stm32.13.3.rel1.win32_1.0.0.202411081344/tools/bin/../lib/gcc/arm-none-eabi/13.3.1/thumb/v6-m/nofp\libgcc.a(_udivsi3.o)
                0x08000104                __aeabi_uidiv
                0x08000104                __udivsi3
                0x08000210                __aeabi_uidivmod
 .text          0x08000218      0x1d4 C:/ST/STM32CubeIDE_1.18.1/STM32CubeIDE/plugins/com.st.stm32cube.ide.mcu.externaltools.gnu-tools-for-stm32.13.3.rel1.win32_1.0.0.202411081344/tools/bin/../lib/gcc/arm-none-eabi/13.3.1/thumb/v6-m/nofp\libgcc.a(_divsi3.o)
                0x08000218                __divsi3
                0x08000218                __aeabi_idiv
                0x080003e4                __aeabi_idivmod
 .text          0x080003ec        0x4 C:/ST/STM32CubeIDE_1.18.1/STM32CubeIDE/plugins/com.st.stm32cube.ide.mcu.externaltools.gnu-tools-for-stm32.13.3.rel1.win32_1.0.0.202411081344/tools/bin/../lib/gcc/arm-none-eabi/13.3.1/thumb/v6-m/nofp\libgcc.a(_dvmd_tls.o)
                0x080003ec                __aeabi_idiv0
                0x080003ec                __aeabi_ldiv0
 .text          0x080003f0       0x74 C:/ST/STM32CubeIDE_1.18.1/STM32CubeIDE/plugins/com.st.stm32cube.ide.mcu.externaltools.gnu-tools-for-stm32.13.3.rel1.win32_1.0.0.202411081344/tools/bin/../lib/gcc/arm-none-eabi/13.3.1/thumb/v6-m/nofp\libgcc.a(_arm_cmpsf2.o)
                0x080003f0                __aeabi_cfrcmple
                0x080003f8                __aeabi_cfcmpeq
                0x080003f8                __aeabi_cfcmple
                0x08000408                __aeabi_fcmpeq
                0x08000414                __aeabi_fcmplt
                0x08000428                __aeabi_fcmple
                0x0800043c                __aeabi_fcmpgt
                0x08000450                __aeabi_fcmpge
 .text          0x08000464       0x30 C:/ST/STM32CubeIDE_1.18.1/STM32CubeIDE/plugins/com.st.stm32cube.ide.mcu.externaltools.gnu-tools-for-stm32.13.3.rel1.win32_1.0.0.202411081344/tools/bin/../lib/gcc/arm-none-eabi/13.3.1/thumb/v6-m/nofp\libgcc.a(_fixunssfsi.o)
                0x08000464                __fixunssfsi
                0x08000464                __aeabi_f2uiz
 .text          0x08000494      0x3e4 C:/ST/STM32CubeIDE_1.18.1/STM32CubeIDE/plugins/com.st.stm32cube.ide.mcu.externaltools.gnu-tools-for-stm32.13.3.rel1.win32_1.0.0.202411081344/tools/bin/../lib/gcc/arm-none-eabi/13.3.1/thumb/v6-m/nofp\libgcc.a(addsf3.o)
                0x08000494                __aeabi_fadd
 .text          0x08000878      0x22c C:/ST/STM32CubeIDE_1.18.1/STM32CubeIDE/plugins/com.st.stm32cube.ide.mcu.externaltools.gnu-tools-for-stm32.13.3.rel1.win32_1.0.0.202411081344/tools/bin/../lib/gcc/arm-none-eabi/13.3.1/thumb/v6-m/nofp\libgcc.a(divsf3.o)
                0x08000878                __aeabi_fdiv
 .text          0x08000aa4       0x50 C:/ST/STM32CubeIDE_1.18.1/STM32CubeIDE/plugins/com.st.stm32cube.ide.mcu.externaltools.gnu-tools-for-stm32.13.3.rel1.win32_1.0.0.202411081344/tools/bin/../lib/gcc/arm-none-eabi/13.3.1/thumb/v6-m/nofp\libgcc.a(eqsf2.o)
                0x08000aa4                __eqsf2
                0x08000aa4                __nesf2
 .text          0x08000af4       0x90 C:/ST/STM32CubeIDE_1.18.1/STM32CubeIDE/plugins/com.st.stm32cube.ide.mcu.externaltools.gnu-tools-for-stm32.13.3.rel1.win32_1.0.0.202411081344/tools/bin/../lib/gcc/arm-none-eabi/13.3.1/thumb/v6-m/nofp\libgcc.a(gesf2.o)
                0x08000af4                __gesf2
                0x08000af4                __gtsf2
 .text          0x08000b84       0x90 C:/ST/STM32CubeIDE_1.18.1/STM32CubeIDE/plugins/com.st.stm32cube.ide.mcu.externaltools.gnu-tools-for-stm32.13.3.rel1.win32_1.0.0.202411081344/tools/bin/../lib/gcc/arm-none-eabi/13.3.1/thumb/v6-m/nofp\libgcc.a(lesf2.o)
                0x08000b84                __ltsf2
                0x08000b84                __lesf2
 .text          0x08000c14      0x2b4 C:/ST/STM32CubeIDE_1.18.1/STM32CubeIDE/plugins/com.st.stm32cube.ide.mcu.externaltools.gnu-tools-for-stm32.13.3.rel1.win32_1.0.0.202411081344/tools/bin/../lib/gcc/arm-none-eabi/13.3.1/thumb/v6-m/nofp\libgcc.a(mulsf3.o)
                0x08000c14                __aeabi_fmul
 .text          0x08000ec8      0x4c8 C:/ST/STM32CubeIDE_1.18.1/STM32CubeIDE/plugins/com.st.stm32cube.ide.mcu.externaltools.gnu-tools-for-stm32.13.3.rel1.win32_1.0.0.202411081344/tools/bin/../lib/gcc/arm-none-eabi/13.3.1/thumb/v6-m/nofp\libgcc.a(subsf3.o)
                0x08000ec8                __aeabi_fsub
 .text          0x08001390       0x40 C:/ST/STM32CubeIDE_1.18.1/STM32CubeIDE/plugins/com.st.stm32cube.ide.mcu.externaltools.gnu-tools-for-stm32.13.3.rel1.win32_1.0.0.202411081344/tools/bin/../lib/gcc/arm-none-eabi/13.3.1/thumb/v6-m/nofp\libgcc.a(fixsfsi.o)
                0x08001390                __aeabi_f2iz
 .text          0x080013d0       0x3c C:/ST/STM32CubeIDE_1.18.1/STM32CubeIDE/plugins/com.st.stm32cube.ide.mcu.externaltools.gnu-tools-for-stm32.13.3.rel1.win32_1.0.0.202411081344/tools/bin/../lib/gcc/arm-none-eabi/13.3.1/thumb/v6-m/nofp\libgcc.a(_clzsi2.o)
                0x080013d0                __clzsi2
 *(.text*)
 .text.MX_DMA_Init
                0x0800140c       0x9c ./Core/Src/dma.o
                0x0800140c                MX_DMA_Init
 .text.__NVIC_GetEnableIRQ
                0x080014a8       0x3c ./Core/Src/main.o
 .text.quad_calc
                0x080014e4       0x2e ./Core/Src/main.o
                0x080014e4                quad_calc
 *fill*         0x08001512        0x2 
 .text.led_fill_led_pwm_data
                0x08001514      0x188 ./Core/Src/main.o
                0x08001514                led_fill_led_pwm_data
 .text.led_update_sequence
                0x0800169c       0xc8 ./Core/Src/main.o
                0x0800169c                led_update_sequence
 .text.led_start_transfer
                0x08001764      0x17c ./Core/Src/main.o
                0x08001764                led_start_transfer
 .text.main     0x080018e0       0xac ./Core/Src/main.o
                0x080018e0                main
 .text.SystemClock_Config
                0x0800198c       0xac ./Core/Src/main.o
                0x0800198c                SystemClock_Config
 .text.Error_Handler
                0x08001a38        0xc ./Core/Src/main.o
                0x08001a38                Error_Handler
 .text.HAL_TIM_PWM_PulseFinishedCallback
                0x08001a44       0x2c ./Core/Src/main.o
                0x08001a44                HAL_TIM_PWM_PulseFinishedCallback
 .text.HAL_TIM_PWM_PulseFinishedHalfCpltCallback
                0x08001a70       0x2c ./Core/Src/main.o
                0x08001a70                HAL_TIM_PWM_PulseFinishedHalfCpltCallback
 .text.HAL_MspInit
                0x08001a9c       0x48 ./Core/Src/stm32g0xx_hal_msp.o
                0x08001a9c                HAL_MspInit
 .text.NMI_Handler
                0x08001ae4        0x8 ./Core/Src/stm32g0xx_it.o
                0x08001ae4                NMI_Handler
 .text.HardFault_Handler
                0x08001aec        0x8 ./Core/Src/stm32g0xx_it.o
                0x08001aec                HardFault_Handler
 .text.SVC_Handler
                0x08001af4        0xa ./Core/Src/stm32g0xx_it.o
                0x08001af4                SVC_Handler
 .text.PendSV_Handler
                0x08001afe        0xa ./Core/Src/stm32g0xx_it.o
                0x08001afe                PendSV_Handler
 .text.SysTick_Handler
                0x08001b08      0x374 ./Core/Src/stm32g0xx_it.o
                0x08001b08                SysTick_Handler
 .text.DMA1_Channel1_IRQHandler
                0x08001e7c       0x18 ./Core/Src/stm32g0xx_it.o
                0x08001e7c                DMA1_Channel1_IRQHandler
 .text.SystemInit
                0x08001e94        0xa ./Core/Src/system_stm32g0xx.o
                0x08001e94                SystemInit
 *fill*         0x08001e9e        0x2 
 .text.MX_TIM3_Init
                0x08001ea0       0xc0 ./Core/Src/tim.o
                0x08001ea0                MX_TIM3_Init
 .text.HAL_TIM_PWM_MspInit
                0x08001f60       0x3c ./Core/Src/tim.o
                0x08001f60                HAL_TIM_PWM_MspInit
 .text.HAL_TIM_MspPostInit
                0x08001f9c       0xf8 ./Core/Src/tim.o
                0x08001f9c                HAL_TIM_MspPostInit
 .text.Reset_Handler
                0x08002094       0x50 ./Core/Startup/startup_stm32g031g8ux.o
                0x08002094                Reset_Handler
 .text.Default_Handler
                0x080020e4        0x2 ./Core/Startup/startup_stm32g031g8ux.o
                0x080020e4                TIM1_CC_IRQHandler
                0x080020e4                PVD_IRQHandler
                0x080020e4                I2C1_IRQHandler
                0x080020e4                LPTIM2_IRQHandler
                0x080020e4                RTC_TAMP_IRQHandler
                0x080020e4                SPI1_IRQHandler
                0x080020e4                DMA1_Ch4_5_DMAMUX1_OVR_IRQHandler
                0x080020e4                EXTI2_3_IRQHandler
                0x080020e4                ADC1_IRQHandler
                0x080020e4                I2C2_IRQHandler
                0x080020e4                TIM17_IRQHandler
                0x080020e4                TIM16_IRQHandler
                0x080020e4                TIM3_IRQHandler
                0x080020e4                EXTI4_15_IRQHandler
                0x080020e4                RCC_IRQHandler
                0x080020e4                Default_Handler
                0x080020e4                TIM14_IRQHandler
                0x080020e4                EXTI0_1_IRQHandler
                0x080020e4                SPI2_IRQHandler
                0x080020e4                WWDG_IRQHandler
                0x080020e4                LPUART1_IRQHandler
                0x080020e4                TIM2_IRQHandler
                0x080020e4                DMA1_Channel2_3_IRQHandler
                0x080020e4                USART2_IRQHandler
                0x080020e4                FLASH_IRQHandler
                0x080020e4                USART1_IRQHandler
                0x080020e4                TIM1_BRK_UP_TRG_COM_IRQHandler
                0x080020e4                LPTIM1_IRQHandler
 *fill*         0x080020e6        0x2 
 .text.HAL_Init
                0x080020e8       0x40 ./Drivers/STM32G0xx_HAL_Driver/Src/stm32g0xx_hal.o
                0x080020e8                HAL_Init
 .text.HAL_InitTick
                0x08002128       0x94 ./Drivers/STM32G0xx_HAL_Driver/Src/stm32g0xx_hal.o
                0x08002128                HAL_InitTick
 .text.HAL_IncTick
                0x080021bc       0x24 ./Drivers/STM32G0xx_HAL_Driver/Src/stm32g0xx_hal.o
                0x080021bc                HAL_IncTick
 .text.HAL_GetTick
                0x080021e0       0x14 ./Drivers/STM32G0xx_HAL_Driver/Src/stm32g0xx_hal.o
                0x080021e0                HAL_GetTick
 .text.HAL_Delay
                0x080021f4       0x48 ./Drivers/STM32G0xx_HAL_Driver/Src/stm32g0xx_hal.o
                0x080021f4                HAL_Delay
 .text.__NVIC_EnableIRQ
                0x0800223c       0x34 ./Drivers/STM32G0xx_HAL_Driver/Src/stm32g0xx_hal_cortex.o
 .text.__NVIC_SetPriority
                0x08002270       0xdc ./Drivers/STM32G0xx_HAL_Driver/Src/stm32g0xx_hal_cortex.o
 .text.SysTick_Config
                0x0800234c       0x48 ./Drivers/STM32G0xx_HAL_Driver/Src/stm32g0xx_hal_cortex.o
 .text.HAL_NVIC_SetPriority
                0x08002394       0x2a ./Drivers/STM32G0xx_HAL_Driver/Src/stm32g0xx_hal_cortex.o
                0x08002394                HAL_NVIC_SetPriority
 .text.HAL_NVIC_EnableIRQ
                0x080023be       0x20 ./Drivers/STM32G0xx_HAL_Driver/Src/stm32g0xx_hal_cortex.o
                0x080023be                HAL_NVIC_EnableIRQ
 .text.HAL_SYSTICK_Config
                0x080023de       0x1a ./Drivers/STM32G0xx_HAL_Driver/Src/stm32g0xx_hal_cortex.o
                0x080023de                HAL_SYSTICK_Config
 .text.HAL_DMA_Init
                0x080023f8      0x114 ./Drivers/STM32G0xx_HAL_Driver/Src/stm32g0xx_hal_dma.o
                0x080023f8                HAL_DMA_Init
 .text.HAL_DMA_DeInit
                0x0800250c       0xf0 ./Drivers/STM32G0xx_HAL_Driver/Src/stm32g0xx_hal_dma.o
                0x0800250c                HAL_DMA_DeInit
 .text.HAL_DMA_Start_IT
                0x080025fc      0x10c ./Drivers/STM32G0xx_HAL_Driver/Src/stm32g0xx_hal_dma.o
                0x080025fc                HAL_DMA_Start_IT
 .text.HAL_DMA_Abort_IT
                0x08002708       0xd4 ./Drivers/STM32G0xx_HAL_Driver/Src/stm32g0xx_hal_dma.o
                0x08002708                HAL_DMA_Abort_IT
 .text.HAL_DMA_IRQHandler
                0x080027dc      0x164 ./Drivers/STM32G0xx_HAL_Driver/Src/stm32g0xx_hal_dma.o
                0x080027dc                HAL_DMA_IRQHandler
 .text.HAL_DMA_GetState
                0x08002940       0x18 ./Drivers/STM32G0xx_HAL_Driver/Src/stm32g0xx_hal_dma.o
                0x08002940                HAL_DMA_GetState
 .text.DMA_SetConfig
                0x08002958       0x80 ./Drivers/STM32G0xx_HAL_Driver/Src/stm32g0xx_hal_dma.o
 .text.DMA_CalcDMAMUXChannelBaseAndMask
                0x080029d8       0x58 ./Drivers/STM32G0xx_HAL_Driver/Src/stm32g0xx_hal_dma.o
 .text.DMA_CalcDMAMUXRequestGenBaseAndMask
                0x08002a30       0x48 ./Drivers/STM32G0xx_HAL_Driver/Src/stm32g0xx_hal_dma.o
 .text.HAL_GPIO_Init
                0x08002a78      0x2c8 ./Drivers/STM32G0xx_HAL_Driver/Src/stm32g0xx_hal_gpio.o
                0x08002a78                HAL_GPIO_Init
 .text.HAL_GPIO_WritePin
                0x08002d40       0x3a ./Drivers/STM32G0xx_HAL_Driver/Src/stm32g0xx_hal_gpio.o
                0x08002d40                HAL_GPIO_WritePin
 .text.HAL_GPIO_TogglePin
                0x08002d7a       0x36 ./Drivers/STM32G0xx_HAL_Driver/Src/stm32g0xx_hal_gpio.o
                0x08002d7a                HAL_GPIO_TogglePin
 .text.HAL_PWREx_ControlVoltageScaling
                0x08002db0       0x80 ./Drivers/STM32G0xx_HAL_Driver/Src/stm32g0xx_hal_pwr_ex.o
                0x08002db0                HAL_PWREx_ControlVoltageScaling
 .text.HAL_RCC_OscConfig
                0x08002e30      0x634 ./Drivers/STM32G0xx_HAL_Driver/Src/stm32g0xx_hal_rcc.o
                0x08002e30                HAL_RCC_OscConfig
 .text.HAL_RCC_ClockConfig
                0x08003464      0x210 ./Drivers/STM32G0xx_HAL_Driver/Src/stm32g0xx_hal_rcc.o
                0x08003464                HAL_RCC_ClockConfig
 .text.HAL_RCC_GetSysClockFreq
                0x08003674      0x104 ./Drivers/STM32G0xx_HAL_Driver/Src/stm32g0xx_hal_rcc.o
                0x08003674                HAL_RCC_GetSysClockFreq
 .text.HAL_RCC_GetHCLKFreq
                0x08003778       0x14 ./Drivers/STM32G0xx_HAL_Driver/Src/stm32g0xx_hal_rcc.o
                0x08003778                HAL_RCC_GetHCLKFreq
 .text.HAL_TIM_PWM_Init
                0x0800378c       0xb0 ./Drivers/STM32G0xx_HAL_Driver/Src/stm32g0xx_hal_tim.o
                0x0800378c                HAL_TIM_PWM_Init
 .text.HAL_TIM_PWM_Stop
                0x0800383c      0x10c ./Drivers/STM32G0xx_HAL_Driver/Src/stm32g0xx_hal_tim.o
                0x0800383c                HAL_TIM_PWM_Stop
 .text.HAL_TIM_PWM_Start_DMA
                0x08003948      0x3e8 ./Drivers/STM32G0xx_HAL_Driver/Src/stm32g0xx_hal_tim.o
                0x08003948                HAL_TIM_PWM_Start_DMA
 .text.HAL_TIM_PWM_ConfigChannel
                0x08003d30      0x200 ./Drivers/STM32G0xx_HAL_Driver/Src/stm32g0xx_hal_tim.o
                0x08003d30                HAL_TIM_PWM_ConfigChannel
 .text.HAL_TIM_ErrorCallback
                0x08003f30       0x10 ./Drivers/STM32G0xx_HAL_Driver/Src/stm32g0xx_hal_tim.o
                0x08003f30                HAL_TIM_ErrorCallback
 .text.TIM_DMAError
                0x08003f40       0x94 ./Drivers/STM32G0xx_HAL_Driver/Src/stm32g0xx_hal_tim.o
                0x08003f40                TIM_DMAError
 .text.TIM_DMADelayPulseCplt
                0x08003fd4       0xaa ./Drivers/STM32G0xx_HAL_Driver/Src/stm32g0xx_hal_tim.o
 .text.TIM_DMADelayPulseHalfCplt
                0x0800407e       0x6a ./Drivers/STM32G0xx_HAL_Driver/Src/stm32g0xx_hal_tim.o
                0x0800407e                TIM_DMADelayPulseHalfCplt
 .text.TIM_Base_SetConfig
                0x080040e8      0x108 ./Drivers/STM32G0xx_HAL_Driver/Src/stm32g0xx_hal_tim.o
                0x080040e8                TIM_Base_SetConfig
 .text.TIM_OC1_SetConfig
                0x080041f0      0x100 ./Drivers/STM32G0xx_HAL_Driver/Src/stm32g0xx_hal_tim.o
 .text.TIM_OC2_SetConfig
                0x080042f0       0xfc ./Drivers/STM32G0xx_HAL_Driver/Src/stm32g0xx_hal_tim.o
                0x080042f0                TIM_OC2_SetConfig
 .text.TIM_OC3_SetConfig
                0x080043ec      0x104 ./Drivers/STM32G0xx_HAL_Driver/Src/stm32g0xx_hal_tim.o
 .text.TIM_OC4_SetConfig
                0x080044f0       0xc8 ./Drivers/STM32G0xx_HAL_Driver/Src/stm32g0xx_hal_tim.o
 .text.TIM_OC5_SetConfig
                0x080045b8       0xb4 ./Drivers/STM32G0xx_HAL_Driver/Src/stm32g0xx_hal_tim.o
 .text.TIM_OC6_SetConfig
                0x0800466c       0xbc ./Drivers/STM32G0xx_HAL_Driver/Src/stm32g0xx_hal_tim.o
 .text.TIM_CCxChannelCmd
                0x08004728       0x46 ./Drivers/STM32G0xx_HAL_Driver/Src/stm32g0xx_hal_tim.o
                0x08004728                TIM_CCxChannelCmd
 *fill*         0x0800476e        0x2 
 .text.HAL_TIMEx_MasterConfigSynchronization
                0x08004770       0xd0 ./Drivers/STM32G0xx_HAL_Driver/Src/stm32g0xx_hal_tim_ex.o
                0x08004770                HAL_TIMEx_MasterConfigSynchronization
 .text.memset   0x08004840       0x10 C:/ST/STM32CubeIDE_1.18.1/STM32CubeIDE/plugins/com.st.stm32cube.ide.mcu.externaltools.gnu-tools-for-stm32.13.3.rel1.win32_1.0.0.202411081344/tools/bin/../lib/gcc/arm-none-eabi/13.3.1/../../../../arm-none-eabi/lib/thumb/v6-m/nofp\libc_nano.a(libc_a-memset.o)
                0x08004840                memset
 .text.__libc_init_array
                0x08004850       0x48 C:/ST/STM32CubeIDE_1.18.1/STM32CubeIDE/plugins/com.st.stm32cube.ide.mcu.externaltools.gnu-tools-for-stm32.13.3.rel1.win32_1.0.0.202411081344/tools/bin/../lib/gcc/arm-none-eabi/13.3.1/../../../../arm-none-eabi/lib/thumb/v6-m/nofp\libc_nano.a(libc_a-init.o)
                0x08004850                __libc_init_array
 *(.glue_7)
 .glue_7        0x08004898        0x0 linker stubs
 *(.glue_7t)
 .glue_7t       0x08004898        0x0 linker stubs
 *(.eh_frame)
 .eh_frame      0x08004898        0x0 C:/ST/STM32CubeIDE_1.18.1/STM32CubeIDE/plugins/com.st.stm32cube.ide.mcu.externaltools.gnu-tools-for-stm32.13.3.rel1.win32_1.0.0.202411081344/tools/bin/../lib/gcc/arm-none-eabi/13.3.1/thumb/v6-m/nofp/crtbegin.o
 *(.init)
 .init          0x08004898        0x4 C:/ST/STM32CubeIDE_1.18.1/STM32CubeIDE/plugins/com.st.stm32cube.ide.mcu.externaltools.gnu-tools-for-stm32.13.3.rel1.win32_1.0.0.202411081344/tools/bin/../lib/gcc/arm-none-eabi/13.3.1/thumb/v6-m/nofp/crti.o
                0x08004898                _init
 .init          0x0800489c        0x8 C:/ST/STM32CubeIDE_1.18.1/STM32CubeIDE/plugins/com.st.stm32cube.ide.mcu.externaltools.gnu-tools-for-stm32.13.3.rel1.win32_1.0.0.202411081344/tools/bin/../lib/gcc/arm-none-eabi/13.3.1/thumb/v6-m/nofp/crtn.o
 *(.fini)
 .fini          0x080048a4        0x4 C:/ST/STM32CubeIDE_1.18.1/STM32CubeIDE/plugins/com.st.stm32cube.ide.mcu.externaltools.gnu-tools-for-stm32.13.3.rel1.win32_1.0.0.202411081344/tools/bin/../lib/gcc/arm-none-eabi/13.3.1/thumb/v6-m/nofp/crti.o
                0x080048a4                _fini
 .fini          0x080048a8        0x8 C:/ST/STM32CubeIDE_1.18.1/STM32CubeIDE/plugins/com.st.stm32cube.ide.mcu.externaltools.gnu-tools-for-stm32.13.3.rel1.win32_1.0.0.202411081344/tools/bin/../lib/gcc/arm-none-eabi/13.3.1/thumb/v6-m/nofp/crtn.o
                0x080048b0                        . = ALIGN (0x4)
                0x080048b0                        _etext = .

.vfp11_veneer   0x080048b0        0x0
 .vfp11_veneer  0x080048b0        0x0 linker stubs

.v4_bx          0x080048b0        0x0
 .v4_bx         0x080048b0        0x0 linker stubs

.iplt           0x080048b0        0x0
 .iplt          0x080048b0        0x0 C:/ST/STM32CubeIDE_1.18.1/STM32CubeIDE/plugins/com.st.stm32cube.ide.mcu.externaltools.gnu-tools-for-stm32.13.3.rel1.win32_1.0.0.202411081344/tools/bin/../lib/gcc/arm-none-eabi/13.3.1/thumb/v6-m/nofp/crtbegin.o

.rodata         0x080048b0      0x110
                0x080048b0                        . = ALIGN (0x4)
 *(.rodata)
 .rodata        0x080048b0       0x7c C:/ST/STM32CubeIDE_1.18.1/STM32CubeIDE/plugins/com.st.stm32cube.ide.mcu.externaltools.gnu-tools-for-stm32.13.3.rel1.win32_1.0.0.202411081344/tools/bin/../lib/gcc/arm-none-eabi/13.3.1/thumb/v6-m/nofp\libgcc.a(divsf3.o)
 *(.rodata*)
 .rodata.AHBPrescTable
                0x0800492c       0x40 ./Core/Src/system_stm32g0xx.o
                0x0800492c                AHBPrescTable
 .rodata.HAL_TIM_PWM_ConfigChannel
                0x0800496c       0x54 ./Drivers/STM32G0xx_HAL_Driver/Src/stm32g0xx_hal_tim.o
                0x080049c0                        . = ALIGN (0x4)

.ARM.extab      0x080049c0        0x0
                0x080049c0                        . = ALIGN (0x4)
 *(.ARM.extab* .gnu.linkonce.armextab.*)
                0x080049c0                        . = ALIGN (0x4)

.ARM            0x080049c0        0x0
                0x080049c0                        . = ALIGN (0x4)
                0x080049c0                        __exidx_start = .
 *(.ARM.exidx*)
                0x080049c0                        __exidx_end = .
                0x080049c0                        . = ALIGN (0x4)

.preinit_array  0x080049c0        0x0
                0x080049c0                        . = ALIGN (0x4)
                0x080049c0                        PROVIDE (__preinit_array_start = .)
 *(.preinit_array*)
                0x080049c0                        PROVIDE (__preinit_array_end = .)
                0x080049c0                        . = ALIGN (0x4)

.init_array     0x080049c0        0x4
                0x080049c0                        . = ALIGN (0x4)
                0x080049c0                        PROVIDE (__init_array_start = .)
 *(SORT_BY_NAME(.init_array.*))
 *(.init_array*)
 .init_array    0x080049c0        0x4 C:/ST/STM32CubeIDE_1.18.1/STM32CubeIDE/plugins/com.st.stm32cube.ide.mcu.externaltools.gnu-tools-for-stm32.13.3.rel1.win32_1.0.0.202411081344/tools/bin/../lib/gcc/arm-none-eabi/13.3.1/thumb/v6-m/nofp/crtbegin.o
                0x080049c4                        PROVIDE (__init_array_end = .)
                0x080049c4                        . = ALIGN (0x4)

.fini_array     0x080049c4        0x4
                0x080049c4                        . = ALIGN (0x4)
                [!provide]                        PROVIDE (__fini_array_start = .)
 *(SORT_BY_NAME(.fini_array.*))
 *(.fini_array*)
 .fini_array    0x080049c4        0x4 C:/ST/STM32CubeIDE_1.18.1/STM32CubeIDE/plugins/com.st.stm32cube.ide.mcu.externaltools.gnu-tools-for-stm32.13.3.rel1.win32_1.0.0.202411081344/tools/bin/../lib/gcc/arm-none-eabi/13.3.1/thumb/v6-m/nofp/crtbegin.o
                [!provide]                        PROVIDE (__fini_array_end = .)
                0x080049c8                        . = ALIGN (0x4)
                0x080049c8                        _sidata = LOADADDR (.data)

.rel.dyn        0x080049c8        0x0
 .rel.iplt      0x080049c8        0x0 C:/ST/STM32CubeIDE_1.18.1/STM32CubeIDE/plugins/com.st.stm32cube.ide.mcu.externaltools.gnu-tools-for-stm32.13.3.rel1.win32_1.0.0.202411081344/tools/bin/../lib/gcc/arm-none-eabi/13.3.1/thumb/v6-m/nofp/crtbegin.o

.data           0x20000000       0x14 load address 0x080049c8
                0x20000000                        . = ALIGN (0x4)
                0x20000000                        _sdata = .
 *(.data)
 *(.data*)
 .data.brightness
                0x20000000        0x1 ./Core/Src/main.o
                0x20000000                brightness
 *fill*         0x20000001        0x3 
 .data.fade_step
                0x20000004        0x4 ./Core/Src/main.o
                0x20000004                fade_step
 .data.SystemCoreClock
                0x20000008        0x4 ./Core/Src/system_stm32g0xx.o
                0x20000008                SystemCoreClock
 .data.uwTickPrio
                0x2000000c        0x4 ./Drivers/STM32G0xx_HAL_Driver/Src/stm32g0xx_hal.o
                0x2000000c                uwTickPrio
 .data.uwTickFreq
                0x20000010        0x1 ./Drivers/STM32G0xx_HAL_Driver/Src/stm32g0xx_hal.o
                0x20000010                uwTickFreq
 *(.RamFunc)
 *(.RamFunc*)
                0x20000014                        . = ALIGN (0x4)
 *fill*         0x20000011        0x3 
                0x20000014                        _edata = .

.igot.plt       0x20000014        0x0 load address 0x080049dc
 .igot.plt      0x20000014        0x0 C:/ST/STM32CubeIDE_1.18.1/STM32CubeIDE/plugins/com.st.stm32cube.ide.mcu.externaltools.gnu-tools-for-stm32.13.3.rel1.win32_1.0.0.202411081344/tools/bin/../lib/gcc/arm-none-eabi/13.3.1/thumb/v6-m/nofp/crtbegin.o
                0x20000014                        . = ALIGN (0x4)

.bss            0x20000014      0x1cc load address 0x080049dc
                0x20000014                        _sbss = .
                0x20000014                        __bss_start__ = _sbss
 *(.bss)
 .bss           0x20000014       0x1c C:/ST/STM32CubeIDE_1.18.1/STM32CubeIDE/plugins/com.st.stm32cube.ide.mcu.externaltools.gnu-tools-for-stm32.13.3.rel1.win32_1.0.0.202411081344/tools/bin/../lib/gcc/arm-none-eabi/13.3.1/thumb/v6-m/nofp/crtbegin.o
 *(.bss*)
 .bss.hdma_tim3_ch2
                0x20000030       0x5c ./Core/Src/dma.o
                0x20000030                hdma_tim3_ch2
 .bss.leds_color_data
                0x2000008c       0x24 ./Core/Src/main.o
                0x2000008c                leds_color_data
 .bss.dma_buffer
                0x200000b0       0xc0 ./Core/Src/main.o
                0x200000b0                dma_buffer
 .bss.is_updating
                0x20000170        0x1 ./Core/Src/main.o
                0x20000170                is_updating
 *fill*         0x20000171        0x3 
 .bss.led_cycles_cnt
                0x20000174        0x4 ./Core/Src/main.o
                0x20000174                led_cycles_cnt
 .bss.color_counter
                0x20000178        0x4 ./Core/Src/main.o
                0x20000178                color_counter
 .bss.fade_value
                0x2000017c        0x4 ./Core/Src/main.o
                0x2000017c                fade_value
 .bss.cycle_count
                0x20000180        0x1 ./Core/Src/main.o
                0x20000180                cycle_count
 .bss.in_circle_mode
                0x20000181        0x1 ./Core/Src/main.o
                0x20000181                in_circle_mode
 .bss.green_led_index
                0x20000182        0x1 ./Core/Src/main.o
                0x20000182                green_led_index
 *fill*         0x20000183        0x1 
 .bss.color_change_counter.2
                0x20000184        0x4 ./Core/Src/stm32g0xx_it.o
 .bss.circle_mode_counter.1
                0x20000188        0x4 ./Core/Src/stm32g0xx_it.o
 .bss.counter.0
                0x2000018c        0x4 ./Core/Src/stm32g0xx_it.o
 .bss.htim3     0x20000190       0x4c ./Core/Src/tim.o
                0x20000190                htim3
 .bss.uwTick    0x200001dc        0x4 ./Drivers/STM32G0xx_HAL_Driver/Src/stm32g0xx_hal.o
                0x200001dc                uwTick
 *(COMMON)
                0x200001e0                        . = ALIGN (0x4)
                0x200001e0                        _ebss = .
                0x200001e0                        __bss_end__ = _ebss

._user_heap_stack
                0x200001e0      0x600 load address 0x080049dc
                0x200001e0                        . = ALIGN (0x8)
                [!provide]                        PROVIDE (end = .)
                0x200001e0                        PROVIDE (_end = .)
                0x200003e0                        . = (. + _Min_Heap_Size)
 *fill*         0x200001e0      0x200 
                0x200007e0                        . = (. + _Min_Stack_Size)
 *fill*         0x200003e0      0x400 
                0x200007e0                        . = ALIGN (0x8)

/DISCARD/
 libc.a(*)
 libm.a(*)
 libgcc.a(*)

.ARM.attributes
                0x00000000       0x28
 *(.ARM.attributes)
 .ARM.attributes
                0x00000000       0x1e C:/ST/STM32CubeIDE_1.18.1/STM32CubeIDE/plugins/com.st.stm32cube.ide.mcu.externaltools.gnu-tools-for-stm32.13.3.rel1.win32_1.0.0.202411081344/tools/bin/../lib/gcc/arm-none-eabi/13.3.1/thumb/v6-m/nofp/crti.o
 .ARM.attributes
                0x0000001e       0x2c C:/ST/STM32CubeIDE_1.18.1/STM32CubeIDE/plugins/com.st.stm32cube.ide.mcu.externaltools.gnu-tools-for-stm32.13.3.rel1.win32_1.0.0.202411081344/tools/bin/../lib/gcc/arm-none-eabi/13.3.1/thumb/v6-m/nofp/crtbegin.o
 .ARM.attributes
                0x0000004a       0x2c ./Core/Src/dma.o
 .ARM.attributes
                0x00000076       0x2c ./Core/Src/main.o
 .ARM.attributes
                0x000000a2       0x2c ./Core/Src/stm32g0xx_hal_msp.o
 .ARM.attributes
                0x000000ce       0x2c ./Core/Src/stm32g0xx_it.o
 .ARM.attributes
                0x000000fa       0x2c ./Core/Src/system_stm32g0xx.o
 .ARM.attributes
                0x00000126       0x2c ./Core/Src/tim.o
 .ARM.attributes
                0x00000152       0x22 ./Core/Startup/startup_stm32g031g8ux.o
 .ARM.attributes
                0x00000174       0x2c ./Drivers/STM32G0xx_HAL_Driver/Src/stm32g0xx_hal.o
 .ARM.attributes
                0x000001a0       0x2c ./Drivers/STM32G0xx_HAL_Driver/Src/stm32g0xx_hal_cortex.o
 .ARM.attributes
                0x000001cc       0x2c ./Drivers/STM32G0xx_HAL_Driver/Src/stm32g0xx_hal_dma.o
 .ARM.attributes
                0x000001f8       0x2c ./Drivers/STM32G0xx_HAL_Driver/Src/stm32g0xx_hal_gpio.o
 .ARM.attributes
                0x00000224       0x2c ./Drivers/STM32G0xx_HAL_Driver/Src/stm32g0xx_hal_pwr_ex.o
 .ARM.attributes
                0x00000250       0x2c ./Drivers/STM32G0xx_HAL_Driver/Src/stm32g0xx_hal_rcc.o
 .ARM.attributes
                0x0000027c       0x2c ./Drivers/STM32G0xx_HAL_Driver/Src/stm32g0xx_hal_tim.o
 .ARM.attributes
                0x000002a8       0x2c ./Drivers/STM32G0xx_HAL_Driver/Src/stm32g0xx_hal_tim_ex.o
 .ARM.attributes
                0x000002d4       0x2c C:/ST/STM32CubeIDE_1.18.1/STM32CubeIDE/plugins/com.st.stm32cube.ide.mcu.externaltools.gnu-tools-for-stm32.13.3.rel1.win32_1.0.0.202411081344/tools/bin/../lib/gcc/arm-none-eabi/13.3.1/../../../../arm-none-eabi/lib/thumb/v6-m/nofp\libc_nano.a(libc_a-memset.o)
 .ARM.attributes
                0x00000300       0x2c C:/ST/STM32CubeIDE_1.18.1/STM32CubeIDE/plugins/com.st.stm32cube.ide.mcu.externaltools.gnu-tools-for-stm32.13.3.rel1.win32_1.0.0.202411081344/tools/bin/../lib/gcc/arm-none-eabi/13.3.1/../../../../arm-none-eabi/lib/thumb/v6-m/nofp\libc_nano.a(libc_a-init.o)
 .ARM.attributes
                0x0000032c       0x1e C:/ST/STM32CubeIDE_1.18.1/STM32CubeIDE/plugins/com.st.stm32cube.ide.mcu.externaltools.gnu-tools-for-stm32.13.3.rel1.win32_1.0.0.202411081344/tools/bin/../lib/gcc/arm-none-eabi/13.3.1/thumb/v6-m/nofp\libgcc.a(_udivsi3.o)
 .ARM.attributes
                0x0000034a       0x1e C:/ST/STM32CubeIDE_1.18.1/STM32CubeIDE/plugins/com.st.stm32cube.ide.mcu.externaltools.gnu-tools-for-stm32.13.3.rel1.win32_1.0.0.202411081344/tools/bin/../lib/gcc/arm-none-eabi/13.3.1/thumb/v6-m/nofp\libgcc.a(_divsi3.o)
 .ARM.attributes
                0x00000368       0x1e C:/ST/STM32CubeIDE_1.18.1/STM32CubeIDE/plugins/com.st.stm32cube.ide.mcu.externaltools.gnu-tools-for-stm32.13.3.rel1.win32_1.0.0.202411081344/tools/bin/../lib/gcc/arm-none-eabi/13.3.1/thumb/v6-m/nofp\libgcc.a(_dvmd_tls.o)
 .ARM.attributes
                0x00000386       0x1e C:/ST/STM32CubeIDE_1.18.1/STM32CubeIDE/plugins/com.st.stm32cube.ide.mcu.externaltools.gnu-tools-for-stm32.13.3.rel1.win32_1.0.0.202411081344/tools/bin/../lib/gcc/arm-none-eabi/13.3.1/thumb/v6-m/nofp\libgcc.a(_arm_cmpsf2.o)
 .ARM.attributes
                0x000003a4       0x2c C:/ST/STM32CubeIDE_1.18.1/STM32CubeIDE/plugins/com.st.stm32cube.ide.mcu.externaltools.gnu-tools-for-stm32.13.3.rel1.win32_1.0.0.202411081344/tools/bin/../lib/gcc/arm-none-eabi/13.3.1/thumb/v6-m/nofp\libgcc.a(_fixunssfsi.o)
 .ARM.attributes
                0x000003d0       0x2c C:/ST/STM32CubeIDE_1.18.1/STM32CubeIDE/plugins/com.st.stm32cube.ide.mcu.externaltools.gnu-tools-for-stm32.13.3.rel1.win32_1.0.0.202411081344/tools/bin/../lib/gcc/arm-none-eabi/13.3.1/thumb/v6-m/nofp\libgcc.a(addsf3.o)
 .ARM.attributes
                0x000003fc       0x2c C:/ST/STM32CubeIDE_1.18.1/STM32CubeIDE/plugins/com.st.stm32cube.ide.mcu.externaltools.gnu-tools-for-stm32.13.3.rel1.win32_1.0.0.202411081344/tools/bin/../lib/gcc/arm-none-eabi/13.3.1/thumb/v6-m/nofp\libgcc.a(divsf3.o)
 .ARM.attributes
                0x00000428       0x2c C:/ST/STM32CubeIDE_1.18.1/STM32CubeIDE/plugins/com.st.stm32cube.ide.mcu.externaltools.gnu-tools-for-stm32.13.3.rel1.win32_1.0.0.202411081344/tools/bin/../lib/gcc/arm-none-eabi/13.3.1/thumb/v6-m/nofp\libgcc.a(eqsf2.o)
 .ARM.attributes
                0x00000454       0x2c C:/ST/STM32CubeIDE_1.18.1/STM32CubeIDE/plugins/com.st.stm32cube.ide.mcu.externaltools.gnu-tools-for-stm32.13.3.rel1.win32_1.0.0.202411081344/tools/bin/../lib/gcc/arm-none-eabi/13.3.1/thumb/v6-m/nofp\libgcc.a(gesf2.o)
 .ARM.attributes
                0x00000480       0x2c C:/ST/STM32CubeIDE_1.18.1/STM32CubeIDE/plugins/com.st.stm32cube.ide.mcu.externaltools.gnu-tools-for-stm32.13.3.rel1.win32_1.0.0.202411081344/tools/bin/../lib/gcc/arm-none-eabi/13.3.1/thumb/v6-m/nofp\libgcc.a(lesf2.o)
 .ARM.attributes
                0x000004ac       0x2c C:/ST/STM32CubeIDE_1.18.1/STM32CubeIDE/plugins/com.st.stm32cube.ide.mcu.externaltools.gnu-tools-for-stm32.13.3.rel1.win32_1.0.0.202411081344/tools/bin/../lib/gcc/arm-none-eabi/13.3.1/thumb/v6-m/nofp\libgcc.a(mulsf3.o)
 .ARM.attributes
                0x000004d8       0x2c C:/ST/STM32CubeIDE_1.18.1/STM32CubeIDE/plugins/com.st.stm32cube.ide.mcu.externaltools.gnu-tools-for-stm32.13.3.rel1.win32_1.0.0.202411081344/tools/bin/../lib/gcc/arm-none-eabi/13.3.1/thumb/v6-m/nofp\libgcc.a(subsf3.o)
 .ARM.attributes
                0x00000504       0x2c C:/ST/STM32CubeIDE_1.18.1/STM32CubeIDE/plugins/com.st.stm32cube.ide.mcu.externaltools.gnu-tools-for-stm32.13.3.rel1.win32_1.0.0.202411081344/tools/bin/../lib/gcc/arm-none-eabi/13.3.1/thumb/v6-m/nofp\libgcc.a(fixsfsi.o)
 .ARM.attributes
                0x00000530       0x1e C:/ST/STM32CubeIDE_1.18.1/STM32CubeIDE/plugins/com.st.stm32cube.ide.mcu.externaltools.gnu-tools-for-stm32.13.3.rel1.win32_1.0.0.202411081344/tools/bin/../lib/gcc/arm-none-eabi/13.3.1/thumb/v6-m/nofp\libgcc.a(_clzsi2.o)
 .ARM.attributes
                0x0000054e       0x1e C:/ST/STM32CubeIDE_1.18.1/STM32CubeIDE/plugins/com.st.stm32cube.ide.mcu.externaltools.gnu-tools-for-stm32.13.3.rel1.win32_1.0.0.202411081344/tools/bin/../lib/gcc/arm-none-eabi/13.3.1/thumb/v6-m/nofp/crtn.o
OUTPUT(NEO100_TEST_ROT_V8_LEDS_FUNKTION_2.elf elf32-littlearm)
LOAD linker stubs
LOAD C:/ST/STM32CubeIDE_1.18.1/STM32CubeIDE/plugins/com.st.stm32cube.ide.mcu.externaltools.gnu-tools-for-stm32.13.3.rel1.win32_1.0.0.202411081344/tools/bin/../lib/gcc/arm-none-eabi/13.3.1/../../../../arm-none-eabi/lib/thumb/v6-m/nofp\libc.a
LOAD C:/ST/STM32CubeIDE_1.18.1/STM32CubeIDE/plugins/com.st.stm32cube.ide.mcu.externaltools.gnu-tools-for-stm32.13.3.rel1.win32_1.0.0.202411081344/tools/bin/../lib/gcc/arm-none-eabi/13.3.1/../../../../arm-none-eabi/lib/thumb/v6-m/nofp\libm.a
LOAD C:/ST/STM32CubeIDE_1.18.1/STM32CubeIDE/plugins/com.st.stm32cube.ide.mcu.externaltools.gnu-tools-for-stm32.13.3.rel1.win32_1.0.0.202411081344/tools/bin/../lib/gcc/arm-none-eabi/13.3.1/thumb/v6-m/nofp\libgcc.a

.debug_info     0x00000000     0xb0b7
 .debug_info    0x00000000      0xa7e ./Core/Src/dma.o
 .debug_info    0x00000a7e     0x1178 ./Core/Src/main.o
 .debug_info    0x00001bf6      0x265 ./Core/Src/stm32g0xx_hal_msp.o
 .debug_info    0x00001e5b      0xa8d ./Core/Src/stm32g0xx_it.o
 .debug_info    0x000028e8      0x316 ./Core/Src/system_stm32g0xx.o
 .debug_info    0x00002bfe      0xc94 ./Core/Src/tim.o
 .debug_info    0x00003892       0x30 ./Core/Startup/startup_stm32g031g8ux.o
 .debug_info    0x000038c2      0xa2f ./Drivers/STM32G0xx_HAL_Driver/Src/stm32g0xx_hal.o
 .debug_info    0x000042f1      0x8c7 ./Drivers/STM32G0xx_HAL_Driver/Src/stm32g0xx_hal_cortex.o
 .debug_info    0x00004bb8      0x86b ./Drivers/STM32G0xx_HAL_Driver/Src/stm32g0xx_hal_dma.o
 .debug_info    0x00005423      0x59d ./Drivers/STM32G0xx_HAL_Driver/Src/stm32g0xx_hal_gpio.o
 .debug_info    0x000059c0      0x77d ./Drivers/STM32G0xx_HAL_Driver/Src/stm32g0xx_hal_pwr_ex.o
 .debug_info    0x0000613d      0xb1b ./Drivers/STM32G0xx_HAL_Driver/Src/stm32g0xx_hal_rcc.o
 .debug_info    0x00006c58     0x2ba7 ./Drivers/STM32G0xx_HAL_Driver/Src/stm32g0xx_hal_tim.o
 .debug_info    0x000097ff     0x18b8 ./Drivers/STM32G0xx_HAL_Driver/Src/stm32g0xx_hal_tim_ex.o

.debug_abbrev   0x00000000     0x1ec1
 .debug_abbrev  0x00000000      0x1d8 ./Core/Src/dma.o
 .debug_abbrev  0x000001d8      0x34a ./Core/Src/main.o
 .debug_abbrev  0x00000522       0xdd ./Core/Src/stm32g0xx_hal_msp.o
 .debug_abbrev  0x000005ff      0x240 ./Core/Src/stm32g0xx_it.o
 .debug_abbrev  0x0000083f      0x119 ./Core/Src/system_stm32g0xx.o
 .debug_abbrev  0x00000958      0x21a ./Core/Src/tim.o
 .debug_abbrev  0x00000b72       0x24 ./Core/Startup/startup_stm32g031g8ux.o
 .debug_abbrev  0x00000b96      0x2b6 ./Drivers/STM32G0xx_HAL_Driver/Src/stm32g0xx_hal.o
 .debug_abbrev  0x00000e4c      0x2ab ./Drivers/STM32G0xx_HAL_Driver/Src/stm32g0xx_hal_cortex.o
 .debug_abbrev  0x000010f7      0x1e1 ./Drivers/STM32G0xx_HAL_Driver/Src/stm32g0xx_hal_dma.o
 .debug_abbrev  0x000012d8      0x1c3 ./Drivers/STM32G0xx_HAL_Driver/Src/stm32g0xx_hal_gpio.o
 .debug_abbrev  0x0000149b      0x237 ./Drivers/STM32G0xx_HAL_Driver/Src/stm32g0xx_hal_pwr_ex.o
 .debug_abbrev  0x000016d2      0x2a9 ./Drivers/STM32G0xx_HAL_Driver/Src/stm32g0xx_hal_rcc.o
 .debug_abbrev  0x0000197b      0x29b ./Drivers/STM32G0xx_HAL_Driver/Src/stm32g0xx_hal_tim.o
 .debug_abbrev  0x00001c16      0x2ab ./Drivers/STM32G0xx_HAL_Driver/Src/stm32g0xx_hal_tim_ex.o

.debug_aranges  0x00000000      0xb80
 .debug_aranges
                0x00000000       0x20 ./Core/Src/dma.o
 .debug_aranges
                0x00000020       0x68 ./Core/Src/main.o
 .debug_aranges
                0x00000088       0x20 ./Core/Src/stm32g0xx_hal_msp.o
 .debug_aranges
                0x000000a8       0x48 ./Core/Src/stm32g0xx_it.o
 .debug_aranges
                0x000000f0       0x28 ./Core/Src/system_stm32g0xx.o
 .debug_aranges
                0x00000118       0x38 ./Core/Src/tim.o
 .debug_aranges
                0x00000150       0x28 ./Core/Startup/startup_stm32g031g8ux.o
 .debug_aranges
                0x00000178      0x128 ./Drivers/STM32G0xx_HAL_Driver/Src/stm32g0xx_hal.o
 .debug_aranges
                0x000002a0       0xe8 ./Drivers/STM32G0xx_HAL_Driver/Src/stm32g0xx_hal_cortex.o
 .debug_aranges
                0x00000388       0x90 ./Drivers/STM32G0xx_HAL_Driver/Src/stm32g0xx_hal_dma.o
 .debug_aranges
                0x00000418       0x60 ./Drivers/STM32G0xx_HAL_Driver/Src/stm32g0xx_hal_gpio.o
 .debug_aranges
                0x00000478       0xf0 ./Drivers/STM32G0xx_HAL_Driver/Src/stm32g0xx_hal_pwr_ex.o
 .debug_aranges
                0x00000568       0xa0 ./Drivers/STM32G0xx_HAL_Driver/Src/stm32g0xx_hal_rcc.o
 .debug_aranges
                0x00000608      0x3e0 ./Drivers/STM32G0xx_HAL_Driver/Src/stm32g0xx_hal_tim.o
 .debug_aranges
                0x000009e8      0x198 ./Drivers/STM32G0xx_HAL_Driver/Src/stm32g0xx_hal_tim_ex.o

.debug_rnglists
                0x00000000      0x8e2
 .debug_rnglists
                0x00000000       0x14 ./Core/Src/dma.o
 .debug_rnglists
                0x00000014       0x4e ./Core/Src/main.o
 .debug_rnglists
                0x00000062       0x13 ./Core/Src/stm32g0xx_hal_msp.o
 .debug_rnglists
                0x00000075       0x32 ./Core/Src/stm32g0xx_it.o
 .debug_rnglists
                0x000000a7       0x1a ./Core/Src/system_stm32g0xx.o
 .debug_rnglists
                0x000000c1       0x27 ./Core/Src/tim.o
 .debug_rnglists
                0x000000e8       0x19 ./Core/Startup/startup_stm32g031g8ux.o
 .debug_rnglists
                0x00000101       0xda ./Drivers/STM32G0xx_HAL_Driver/Src/stm32g0xx_hal.o
 .debug_rnglists
                0x000001db       0xaa ./Drivers/STM32G0xx_HAL_Driver/Src/stm32g0xx_hal_cortex.o
 .debug_rnglists
                0x00000285       0x72 ./Drivers/STM32G0xx_HAL_Driver/Src/stm32g0xx_hal_dma.o
 .debug_rnglists
                0x000002f7       0x45 ./Drivers/STM32G0xx_HAL_Driver/Src/stm32g0xx_hal_gpio.o
 .debug_rnglists
                0x0000033c       0xb5 ./Drivers/STM32G0xx_HAL_Driver/Src/stm32g0xx_hal_pwr_ex.o
 .debug_rnglists
                0x000003f1       0x79 ./Drivers/STM32G0xx_HAL_Driver/Src/stm32g0xx_hal_rcc.o
 .debug_rnglists
                0x0000046a      0x32a ./Drivers/STM32G0xx_HAL_Driver/Src/stm32g0xx_hal_tim.o
 .debug_rnglists
                0x00000794      0x14e ./Drivers/STM32G0xx_HAL_Driver/Src/stm32g0xx_hal_tim_ex.o

.debug_macro    0x00000000    0x15ec4
 .debug_macro   0x00000000      0x1df ./Core/Src/dma.o
 .debug_macro   0x000001df      0xaae ./Core/Src/dma.o
 .debug_macro   0x00000c8d      0x117 ./Core/Src/dma.o
 .debug_macro   0x00000da4       0x2e ./Core/Src/dma.o
 .debug_macro   0x00000dd2       0x28 ./Core/Src/dma.o
 .debug_macro   0x00000dfa       0x22 ./Core/Src/dma.o
 .debug_macro   0x00000e1c       0x8e ./Core/Src/dma.o
 .debug_macro   0x00000eaa       0x51 ./Core/Src/dma.o
 .debug_macro   0x00000efb      0x103 ./Core/Src/dma.o
 .debug_macro   0x00000ffe       0x6a ./Core/Src/dma.o
 .debug_macro   0x00001068      0x1df ./Core/Src/dma.o
 .debug_macro   0x00001247       0x1c ./Core/Src/dma.o
 .debug_macro   0x00001263       0x22 ./Core/Src/dma.o
 .debug_macro   0x00001285       0xd1 ./Core/Src/dma.o
 .debug_macro   0x00001356      0x4da ./Core/Src/dma.o
 .debug_macro   0x00001830      0x11f ./Core/Src/dma.o
 .debug_macro   0x0000194f     0xac2c ./Core/Src/dma.o
 .debug_macro   0x0000c57b       0x66 ./Core/Src/dma.o
 .debug_macro   0x0000c5e1     0x350e ./Core/Src/dma.o
 .debug_macro   0x0000faef      0x190 ./Core/Src/dma.o
 .debug_macro   0x0000fc7f       0x5c ./Core/Src/dma.o
 .debug_macro   0x0000fcdb      0x518 ./Core/Src/dma.o
 .debug_macro   0x000101f3      0xf70 ./Core/Src/dma.o
 .debug_macro   0x00011163      0x1d8 ./Core/Src/dma.o
 .debug_macro   0x0001133b      0x1cf ./Core/Src/dma.o
 .debug_macro   0x0001150a      0x122 ./Core/Src/dma.o
 .debug_macro   0x0001162c      0x390 ./Core/Src/dma.o
 .debug_macro   0x000119bc      0x202 ./Core/Src/dma.o
 .debug_macro   0x00011bbe      0x2ff ./Core/Src/dma.o
 .debug_macro   0x00011ebd      0x1b2 ./Core/Src/dma.o
 .debug_macro   0x0001206f       0x43 ./Core/Src/dma.o
 .debug_macro   0x000120b2      0x1f1 ./Core/Src/dma.o
 .debug_macro   0x000122a3      0x1d6 ./Core/Src/dma.o
 .debug_macro   0x00012479      0x38a ./Core/Src/dma.o
 .debug_macro   0x00012803       0x28 ./Core/Src/dma.o
 .debug_macro   0x0001282b       0xe4 ./Core/Src/dma.o
 .debug_macro   0x0001290f      0x10c ./Core/Src/dma.o
 .debug_macro   0x00012a1b      0x240 ./Core/Src/dma.o
 .debug_macro   0x00012c5b      0xac2 ./Core/Src/dma.o
 .debug_macro   0x0001371d      0x135 ./Core/Src/dma.o
 .debug_macro   0x00013852      0x49d ./Core/Src/dma.o
 .debug_macro   0x00013cef      0x2c8 ./Core/Src/main.o
 .debug_macro   0x00013fb7       0x4c ./Core/Src/main.o
 .debug_macro   0x00014003       0x61 ./Core/Src/main.o
 .debug_macro   0x00014064       0x24 ./Core/Src/main.o
 .debug_macro   0x00014088       0x43 ./Core/Src/main.o
 .debug_macro   0x000140cb       0x34 ./Core/Src/main.o
 .debug_macro   0x000140ff      0x370 ./Core/Src/main.o
 .debug_macro   0x0001446f       0x16 ./Core/Src/main.o
 .debug_macro   0x00014485       0x4a ./Core/Src/main.o
 .debug_macro   0x000144cf       0x34 ./Core/Src/main.o
 .debug_macro   0x00014503       0x10 ./Core/Src/main.o
 .debug_macro   0x00014513       0x58 ./Core/Src/main.o
 .debug_macro   0x0001456b       0x8e ./Core/Src/main.o
 .debug_macro   0x000145f9       0x1c ./Core/Src/main.o
 .debug_macro   0x00014615      0x185 ./Core/Src/main.o
 .debug_macro   0x0001479a       0x10 ./Core/Src/main.o
 .debug_macro   0x000147aa       0x3c ./Core/Src/main.o
 .debug_macro   0x000147e6       0x20 ./Core/Src/main.o
 .debug_macro   0x00014806      0x1d5 ./Core/Src/stm32g0xx_hal_msp.o
 .debug_macro   0x000149db      0x1fc ./Core/Src/stm32g0xx_it.o
 .debug_macro   0x00014bd7       0x46 ./Core/Src/stm32g0xx_it.o
 .debug_macro   0x00014c1d      0x1cb ./Core/Src/system_stm32g0xx.o
 .debug_macro   0x00014de8      0x1df ./Core/Src/tim.o
 .debug_macro   0x00014fc7      0x1ef ./Drivers/STM32G0xx_HAL_Driver/Src/stm32g0xx_hal.o
 .debug_macro   0x000151b6      0x1cb ./Drivers/STM32G0xx_HAL_Driver/Src/stm32g0xx_hal_cortex.o
 .debug_macro   0x00015381      0x1cb ./Drivers/STM32G0xx_HAL_Driver/Src/stm32g0xx_hal_dma.o
 .debug_macro   0x0001554c      0x1d2 ./Drivers/STM32G0xx_HAL_Driver/Src/stm32g0xx_hal_gpio.o
 .debug_macro   0x0001571e      0x1f5 ./Drivers/STM32G0xx_HAL_Driver/Src/stm32g0xx_hal_pwr_ex.o
 .debug_macro   0x00015913      0x20d ./Drivers/STM32G0xx_HAL_Driver/Src/stm32g0xx_hal_rcc.o
 .debug_macro   0x00015b20      0x1d3 ./Drivers/STM32G0xx_HAL_Driver/Src/stm32g0xx_hal_tim.o
 .debug_macro   0x00015cf3      0x1d1 ./Drivers/STM32G0xx_HAL_Driver/Src/stm32g0xx_hal_tim_ex.o

.debug_line     0x00000000     0xd72b
 .debug_line    0x00000000      0x77b ./Core/Src/dma.o
 .debug_line    0x0000077b      0xc63 ./Core/Src/main.o
 .debug_line    0x000013de      0x756 ./Core/Src/stm32g0xx_hal_msp.o
 .debug_line    0x00001b34      0x95e ./Core/Src/stm32g0xx_it.o
 .debug_line    0x00002492      0x7c9 ./Core/Src/system_stm32g0xx.o
 .debug_line    0x00002c5b      0x828 ./Core/Src/tim.o
 .debug_line    0x00003483       0x7b ./Core/Startup/startup_stm32g031g8ux.o
 .debug_line    0x000034fe      0xb27 ./Drivers/STM32G0xx_HAL_Driver/Src/stm32g0xx_hal.o
 .debug_line    0x00004025      0xba4 ./Drivers/STM32G0xx_HAL_Driver/Src/stm32g0xx_hal_cortex.o
 .debug_line    0x00004bc9      0xd8b ./Drivers/STM32G0xx_HAL_Driver/Src/stm32g0xx_hal_dma.o
 .debug_line    0x00005954      0xb60 ./Drivers/STM32G0xx_HAL_Driver/Src/stm32g0xx_hal_gpio.o
 .debug_line    0x000064b4      0xae8 ./Drivers/STM32G0xx_HAL_Driver/Src/stm32g0xx_hal_pwr_ex.o
 .debug_line    0x00006f9c      0xfe0 ./Drivers/STM32G0xx_HAL_Driver/Src/stm32g0xx_hal_rcc.o
 .debug_line    0x00007f7c     0x3c23 ./Drivers/STM32G0xx_HAL_Driver/Src/stm32g0xx_hal_tim.o
 .debug_line    0x0000bb9f     0x1b8c ./Drivers/STM32G0xx_HAL_Driver/Src/stm32g0xx_hal_tim_ex.o

.debug_str      0x00000000    0x8cf78
 .debug_str     0x00000000    0x8cf78 ./Core/Src/dma.o
                              0x87229 (size before relaxing)
 .debug_str     0x0008cf78    0x8a9d1 ./Core/Src/main.o
 .debug_str     0x0008cf78    0x869ed ./Core/Src/stm32g0xx_hal_msp.o
 .debug_str     0x0008cf78    0x87364 ./Core/Src/stm32g0xx_it.o
 .debug_str     0x0008cf78    0x86a3e ./Core/Src/system_stm32g0xx.o
 .debug_str     0x0008cf78    0x87256 ./Core/Src/tim.o
 .debug_str     0x0008cf78       0xb1 ./Core/Startup/startup_stm32g031g8ux.o
 .debug_str     0x0008cf78    0x87214 ./Drivers/STM32G0xx_HAL_Driver/Src/stm32g0xx_hal.o
 .debug_str     0x0008cf78    0x86ec8 ./Drivers/STM32G0xx_HAL_Driver/Src/stm32g0xx_hal_cortex.o
 .debug_str     0x0008cf78    0x86ed8 ./Drivers/STM32G0xx_HAL_Driver/Src/stm32g0xx_hal_dma.o
 .debug_str     0x0008cf78    0x86b73 ./Drivers/STM32G0xx_HAL_Driver/Src/stm32g0xx_hal_gpio.o
 .debug_str     0x0008cf78    0x86eb7 ./Drivers/STM32G0xx_HAL_Driver/Src/stm32g0xx_hal_pwr_ex.o
 .debug_str     0x0008cf78    0x87194 ./Drivers/STM32G0xx_HAL_Driver/Src/stm32g0xx_hal_rcc.o
 .debug_str     0x0008cf78    0x87f80 ./Drivers/STM32G0xx_HAL_Driver/Src/stm32g0xx_hal_tim.o
 .debug_str     0x0008cf78    0x8790e ./Drivers/STM32G0xx_HAL_Driver/Src/stm32g0xx_hal_tim_ex.o

.comment        0x00000000       0x43
 .comment       0x00000000       0x43 ./Core/Src/dma.o
                                 0x44 (size before relaxing)
 .comment       0x00000043       0x44 ./Core/Src/main.o
 .comment       0x00000043       0x44 ./Core/Src/stm32g0xx_hal_msp.o
 .comment       0x00000043       0x44 ./Core/Src/stm32g0xx_it.o
 .comment       0x00000043       0x44 ./Core/Src/system_stm32g0xx.o
 .comment       0x00000043       0x44 ./Core/Src/tim.o
 .comment       0x00000043       0x44 ./Drivers/STM32G0xx_HAL_Driver/Src/stm32g0xx_hal.o
 .comment       0x00000043       0x44 ./Drivers/STM32G0xx_HAL_Driver/Src/stm32g0xx_hal_cortex.o
 .comment       0x00000043       0x44 ./Drivers/STM32G0xx_HAL_Driver/Src/stm32g0xx_hal_dma.o
 .comment       0x00000043       0x44 ./Drivers/STM32G0xx_HAL_Driver/Src/stm32g0xx_hal_gpio.o
 .comment       0x00000043       0x44 ./Drivers/STM32G0xx_HAL_Driver/Src/stm32g0xx_hal_pwr_ex.o
 .comment       0x00000043       0x44 ./Drivers/STM32G0xx_HAL_Driver/Src/stm32g0xx_hal_rcc.o
 .comment       0x00000043       0x44 ./Drivers/STM32G0xx_HAL_Driver/Src/stm32g0xx_hal_tim.o
 .comment       0x00000043       0x44 ./Drivers/STM32G0xx_HAL_Driver/Src/stm32g0xx_hal_tim_ex.o

.debug_frame    0x00000000     0x2a74
 .debug_frame   0x00000000       0x30 ./Core/Src/dma.o
 .debug_frame   0x00000030      0x14c ./Core/Src/main.o
 .debug_frame   0x0000017c       0x30 ./Core/Src/stm32g0xx_hal_msp.o
 .debug_frame   0x000001ac       0xbc ./Core/Src/stm32g0xx_it.o
 .debug_frame   0x00000268       0x4c ./Core/Src/system_stm32g0xx.o
 .debug_frame   0x000002b4       0x90 ./Core/Src/tim.o
 .debug_frame   0x00000344      0x3fc ./Drivers/STM32G0xx_HAL_Driver/Src/stm32g0xx_hal.o
 .debug_frame   0x00000740      0x33c ./Drivers/STM32G0xx_HAL_Driver/Src/stm32g0xx_hal_cortex.o
 .debug_frame   0x00000a7c      0x1f0 ./Drivers/STM32G0xx_HAL_Driver/Src/stm32g0xx_hal_dma.o
 .debug_frame   0x00000c6c      0x130 ./Drivers/STM32G0xx_HAL_Driver/Src/stm32g0xx_hal_gpio.o
 .debug_frame   0x00000d9c      0x32c ./Drivers/STM32G0xx_HAL_Driver/Src/stm32g0xx_hal_pwr_ex.o
 .debug_frame   0x000010c8      0x214 ./Drivers/STM32G0xx_HAL_Driver/Src/stm32g0xx_hal_rcc.o
 .debug_frame   0x000012dc      0xf40 ./Drivers/STM32G0xx_HAL_Driver/Src/stm32g0xx_hal_tim.o
 .debug_frame   0x0000221c      0x620 ./Drivers/STM32G0xx_HAL_Driver/Src/stm32g0xx_hal_tim_ex.o
 .debug_frame   0x0000283c       0x20 C:/ST/STM32CubeIDE_1.18.1/STM32CubeIDE/plugins/com.st.stm32cube.ide.mcu.externaltools.gnu-tools-for-stm32.13.3.rel1.win32_1.0.0.202411081344/tools/bin/../lib/gcc/arm-none-eabi/13.3.1/../../../../arm-none-eabi/lib/thumb/v6-m/nofp\libc_nano.a(libc_a-memset.o)
 .debug_frame   0x0000285c       0x2c C:/ST/STM32CubeIDE_1.18.1/STM32CubeIDE/plugins/com.st.stm32cube.ide.mcu.externaltools.gnu-tools-for-stm32.13.3.rel1.win32_1.0.0.202411081344/tools/bin/../lib/gcc/arm-none-eabi/13.3.1/../../../../arm-none-eabi/lib/thumb/v6-m/nofp\libc_nano.a(libc_a-init.o)
 .debug_frame   0x00002888       0x20 C:/ST/STM32CubeIDE_1.18.1/STM32CubeIDE/plugins/com.st.stm32cube.ide.mcu.externaltools.gnu-tools-for-stm32.13.3.rel1.win32_1.0.0.202411081344/tools/bin/../lib/gcc/arm-none-eabi/13.3.1/thumb/v6-m/nofp\libgcc.a(_udivsi3.o)
 .debug_frame   0x000028a8       0x20 C:/ST/STM32CubeIDE_1.18.1/STM32CubeIDE/plugins/com.st.stm32cube.ide.mcu.externaltools.gnu-tools-for-stm32.13.3.rel1.win32_1.0.0.202411081344/tools/bin/../lib/gcc/arm-none-eabi/13.3.1/thumb/v6-m/nofp\libgcc.a(_divsi3.o)
 .debug_frame   0x000028c8       0x28 C:/ST/STM32CubeIDE_1.18.1/STM32CubeIDE/plugins/com.st.stm32cube.ide.mcu.externaltools.gnu-tools-for-stm32.13.3.rel1.win32_1.0.0.202411081344/tools/bin/../lib/gcc/arm-none-eabi/13.3.1/thumb/v6-m/nofp\libgcc.a(_fixunssfsi.o)
 .debug_frame   0x000028f0       0x38 C:/ST/STM32CubeIDE_1.18.1/STM32CubeIDE/plugins/com.st.stm32cube.ide.mcu.externaltools.gnu-tools-for-stm32.13.3.rel1.win32_1.0.0.202411081344/tools/bin/../lib/gcc/arm-none-eabi/13.3.1/thumb/v6-m/nofp\libgcc.a(addsf3.o)
 .debug_frame   0x00002928       0x38 C:/ST/STM32CubeIDE_1.18.1/STM32CubeIDE/plugins/com.st.stm32cube.ide.mcu.externaltools.gnu-tools-for-stm32.13.3.rel1.win32_1.0.0.202411081344/tools/bin/../lib/gcc/arm-none-eabi/13.3.1/thumb/v6-m/nofp\libgcc.a(divsf3.o)
 .debug_frame   0x00002960       0x2c C:/ST/STM32CubeIDE_1.18.1/STM32CubeIDE/plugins/com.st.stm32cube.ide.mcu.externaltools.gnu-tools-for-stm32.13.3.rel1.win32_1.0.0.202411081344/tools/bin/../lib/gcc/arm-none-eabi/13.3.1/thumb/v6-m/nofp\libgcc.a(eqsf2.o)
 .debug_frame   0x0000298c       0x2c C:/ST/STM32CubeIDE_1.18.1/STM32CubeIDE/plugins/com.st.stm32cube.ide.mcu.externaltools.gnu-tools-for-stm32.13.3.rel1.win32_1.0.0.202411081344/tools/bin/../lib/gcc/arm-none-eabi/13.3.1/thumb/v6-m/nofp\libgcc.a(gesf2.o)
 .debug_frame   0x000029b8       0x2c C:/ST/STM32CubeIDE_1.18.1/STM32CubeIDE/plugins/com.st.stm32cube.ide.mcu.externaltools.gnu-tools-for-stm32.13.3.rel1.win32_1.0.0.202411081344/tools/bin/../lib/gcc/arm-none-eabi/13.3.1/thumb/v6-m/nofp\libgcc.a(lesf2.o)
 .debug_frame   0x000029e4       0x38 C:/ST/STM32CubeIDE_1.18.1/STM32CubeIDE/plugins/com.st.stm32cube.ide.mcu.externaltools.gnu-tools-for-stm32.13.3.rel1.win32_1.0.0.202411081344/tools/bin/../lib/gcc/arm-none-eabi/13.3.1/thumb/v6-m/nofp\libgcc.a(mulsf3.o)
 .debug_frame   0x00002a1c       0x38 C:/ST/STM32CubeIDE_1.18.1/STM32CubeIDE/plugins/com.st.stm32cube.ide.mcu.externaltools.gnu-tools-for-stm32.13.3.rel1.win32_1.0.0.202411081344/tools/bin/../lib/gcc/arm-none-eabi/13.3.1/thumb/v6-m/nofp\libgcc.a(subsf3.o)
 .debug_frame   0x00002a54       0x20 C:/ST/STM32CubeIDE_1.18.1/STM32CubeIDE/plugins/com.st.stm32cube.ide.mcu.externaltools.gnu-tools-for-stm32.13.3.rel1.win32_1.0.0.202411081344/tools/bin/../lib/gcc/arm-none-eabi/13.3.1/thumb/v6-m/nofp\libgcc.a(fixsfsi.o)

.debug_line_str
                0x00000000       0x95
 .debug_line_str
                0x00000000       0x95 ./Core/Startup/startup_stm32g031g8ux.o
