../Drivers/CMSIS/Include/core_cm0plus.h:760:26:__NVIC_GetEnableIRQ	16	static
../Core/Src/main.c:104:7:quad_calc	16	static
../Core/Src/main.c:113:6:led_fill_led_pwm_data	48	static
../Core/Src/main.c:143:6:led_update_sequence	24	static
../Core/Src/main.c:190:9:led_start_transfer	32	static
../Core/Src/main.c:252:5:main	16	static
../Core/Src/main.c:277:6:SystemClock_Config	88	static
../Core/Src/main.c:307:6:Error_Handler	8	static,ignoring_inline_asm
../Core/Src/main.c:317:6:handle_state	40	static
../Core/Src/main.c:548:6:HAL_TIM_PWM_PulseFinishedCallback	16	static
../Core/Src/main.c:554:6:HAL_TIM_PWM_PulseFinishedHalfCpltCallback	16	static
../Core/Src/main.c:560:6:HAL_GPIO_EXTI_Callback	16	static
