../Drivers/CMSIS/Include/core_cm0plus.h:760:26:__NVIC_GetEnableIRQ	16	static
../Core/Src/main.c:102:7:quad_calc	16	static
../Core/Src/main.c:111:6:led_fill_led_pwm_data	48	static
../Core/Src/main.c:141:6:led_update_sequence	24	static
../Core/Src/main.c:188:9:led_start_transfer	32	static
../Core/Src/main.c:250:5:main	16	static
../Core/Src/main.c:275:6:SystemClock_Config	88	static
../Core/Src/main.c:305:6:Error_Handler	8	static,ignoring_inline_asm
../Core/Src/main.c:315:6:handle_state	24	static
../Core/Src/main.c:388:6:HAL_TIM_PWM_PulseFinishedCallback	16	static
../Core/Src/main.c:394:6:HAL_TIM_PWM_PulseFinishedHalfCpltCallback	16	static
../Core/Src/main.c:400:6:HAL_GPIO_EXTI_Callback	16	static
